1	8277	CAGCCTACATCATCCATTACTCGATCAGGAGGTGTACGGACTAGAGGGGGAGGGCCTCATACGA	HISEQ1:88:C049VABXX:8:1105:20923:84099	D	0	6	64	0	0	5555@5(5?;?9'/EHB@@BHFGHEGGGD9B:IHGC@GGGGFIIHIIJIGHAGGEJFHFHAFFF
1	8277	CAGCCTACATCATCCATTACTCGATCAGGAGGTGTACGGACTAGAGGGGGAGGGCCTCATACGA	HISEQ1:88:C049VABXX:8:2103:10813:30562	D	0	6	64	0	0	?BCC>CDD@BDAB<FHAHECIGGHF@BGF@F=IIIIEHEIJJIFIJIGGHHCIHCIHHHHFFDD
1	8277	CAGCCTACATCATCCATTACTCGATCAGGAGGTGTACGGACTAGAGGGGGAGGGCCTCATACGA	HISEQ1:88:C049VABXX:8:1101:10002:168955	D	0	6	64	0	0	BB>5(C?;1BBA<4FEGEGCBF<DEGFD?0?)HF?EDGHGFHH@HHFDEFC?:<BGC<;BHDDD
1	8277	CAGCCTACATCATCCATTACTCGATCAGGAGGTGTACGGACTAGAGGGGGAGGGCCTCATACGA	HISEQ1:88:C049VABXX:8:2203:4800:111811	D	0	6	64	0	0	<BC>3:A7?>CCB9=EGGB4FD:@AGFB9:B0IGHCG<GFCHH@H>GGFBE<GIGFFF?FBDDB
1	8277	CAGCCTACATCATCCATTACTCGATCAGGAGGTGTACGGACTAGAGGGGGAGGGCCTCATACGA	HISEQ1:88:C049VABXX:8:2207:2453:192163	D	0	6	64	0	0	<2>A>@BBBDBB=4HIIF=8CEF??F?*:::)GGDAHBGHGFH@CDGIIJIHGEHHFBDA7FFD
1	8277	CAGCCTACATCATCCATTACTCGATCAGGAGGTGTACG[GA]A[CT]TAGAGGGGGAGGGCCTCATACGA	HISEQ1:88:C049VABXX:8:1102:12940:158713	D	2	6	64	0	0	BDCC:DDDDDDFFEJJJJIHHGFJJJJIHGFBJJJJJJIIIJJIJJJJJJIIIJJJHGHHHFFF
1	8277	CAGCCTACATCATCCATTACTCGATCAGGAGGTGTACGGACTAGAGGGGGAGGGCCTCATACGA	HISEQ1:88:C049VABXX:8:1108:11279:127360	D	0	6	64	0	0	<BC>:@?@BBBC<9AEHCHGF;DHDGB>DBBBIIEGGGEBE7EHBFECEGHEEHEADHDC1DDD
1	8277	CAGCCTACATCATCCATTACTCGATCAGGAGGTGTACGGACTAGAGGGGGAGGGCCTCATACGA	HISEQ1:88:C049VABXX:8:1202:21094:114372	D	0	6	64	0	0	<<DACA?@@>?>59:GIGEDIGHGCGGDADD?6D>EEGEGGHFHDBGHDFBHGHHGDFFHFDAD
1	8303	AGGAGGTGTACGGACTA[GA]AGGGGGAGGG[CG]CTCATACGAGGAGTAGTCCACCACCTCATCAGCAG	HISEQ1:88:C049VABXX:8:1102:15951:168167	P	2	4	64	0	0	##@BB?A=E?EDD=:EGIIHHCHFEHGF<B<9DBCEFFDHHCCEFC@A3FA+GF@E<??FDDDD
1	8538	CAGCCGATATCACCCATTACTCGATCAGGAGGTGTACGGACTAGGGGAGGAGGGCCTCATACGA	HISEQ1:88:C049VABXX:8:1102:6085:97672	D	0	4	64	0	0	1?:>:5,(=BBCA;D?8IIHDD<GGFB>B?B;IIGIGHECDIHCHEDE7IGG?GGE@:DFAD==
